../Drivers/BMP280/bmp280.c:41:13:bmp280_r_regs	16	static
../Drivers/BMP280/bmp280.c:31:13:bmp280_w_reg	16	static
../Drivers/BMP280/bmp280.c:48:9:bmp280_r_ChipId	8	static
../Drivers/BMP280/bmp280.c:62:9:BMP280_ReadStatus	8	static
../Drivers/BMP280/bmp280.c:79:6:BMP280_Set_RegCtrlMeas	0	static
../Drivers/BMP280/bmp280.c:92:6:BMP280_Set_RegConfig	0	static
../Drivers/BMP280/bmp280.c:101:6:BMP280_Config	8	static
../Drivers/BMP280/bmp280.c:110:6:BMP280_GetCalibParam	16	static
../Drivers/BMP280/bmp280.c:136:6:BMP280_Init	8	static
../Drivers/BMP280/bmp280.c:160:9:BMP280_ReadPressure_Row	8	static
../Drivers/BMP280/bmp280.c:175:9:BMP280_ReadTemperature_Row	8	static
../Drivers/BMP280/bmp280.c:243:8:bmp280_calc_t_fine_double	32	static
../Drivers/BMP280/bmp280.c:253:8:BMP280_Compensate_T_double	32	static
../Drivers/BMP280/bmp280.c:264:8:BMP280_Compensate_P_double	40	static
../Drivers/BMP280/bmp280.c:340:6:BMP280_ReadData	8	static
